// Jest Snapshot v1, https://goo.gl/fbAQLP

exports[`<CreditCardPage /> should match snapshot 1`] = `
<div>
  <h2>
    Credit Card validator
  </h2>
  <table>
    <tbody>
      <tr>
        <td>
          <label
            htmlFor="cardNumber"
          >
            Credit Card No.
          </label>
        </td>
        <td>
          <input
            className="medium"
            name="cardNumber"
            onChange={[Function]}
            placeholder={undefined}
            type="text"
            value=""
          />
        </td>
      </tr>
    </tbody>
  </table>
  <hr />
</div>
`;
